MPLINK 4.47, Linker
Linker Map File - Created Thu Mar 05 22:58:25 2015

                                 Section Info
                  Section       Type    Address   Location Size(Bytes)
                ---------  ---------  ---------  ---------  ---------
                   .org_0       code   0x000000    program   0x000000
                   .org_1       code   0x000000    program   0x000006
                   .org_2       code   0x000004    program   0x000540
                   .org_3       code   0x000300    program   0x000032
.config_2007_SERIALTEST.O       code   0x002007    program   0x000002



                              Program Memory Usage 
                               Start         End      
                           ---------   ---------      
                            0x000000    0x000002      
                            0x000004    0x0002a3      
                            0x000300    0x000318      
                            0x002007    0x002007      
            701 out of 8454 program addresses used, program memory utilization is 8%



                              Symbols - Sorted by Name
                     Name    Address   Location    Storage File                     
                ---------  ---------  ---------  --------- ---------                
              ChkMsgValid   0x000122    program     static E:\Pic_stuff\projects\SerialEmulator_Version2\serialtest.asm
             ChkMsgValid1   0x000126    program     static E:\Pic_stuff\projects\SerialEmulator_Version2\serialtest.asm
       ConvertHexToNumber   0x0000b0    program     static E:\Pic_stuff\projects\SerialEmulator_Version2\serialtest.asm
       ConvertNumberToHex   0x0000b8    program     static E:\Pic_stuff\projects\SerialEmulator_Version2\serialtest.asm
               EchoSerial   0x000112    program     static E:\Pic_stuff\projects\SerialEmulator_Version2\serialtest.asm
                Echoloop1   0x000114    program     static E:\Pic_stuff\projects\SerialEmulator_Version2\serialtest.asm
                 Exit_Int   0x00001a    program     static E:\Pic_stuff\projects\SerialEmulator_Version2\serialtest.asm
                  GetAddr   0x000132    program     static E:\Pic_stuff\projects\SerialEmulator_Version2\serialtest.asm
              GetDataWord   0x00014b    program     static E:\Pic_stuff\projects\SerialEmulator_Version2\serialtest.asm
      Jon_Cowley_TRANSMIT   0x000309    program     static E:\Pic_stuff\projects\SerialEmulator_Version2\serialtest.asm
       Jon_Cowley_recieve   0x00030f    program     static E:\Pic_stuff\projects\SerialEmulator_Version2\serialtest.asm
                 Msg_CMDR   0x00028f    program     static E:\Pic_stuff\projects\SerialEmulator_Version2\serialtest.asm
                 Msg_Proc   0x000277    program     static E:\Pic_stuff\projects\SerialEmulator_Version2\serialtest.asm
                    Msg_R   0x000296    program     static E:\Pic_stuff\projects\SerialEmulator_Version2\serialtest.asm
                Msg_Ready   0x000272    program     static E:\Pic_stuff\projects\SerialEmulator_Version2\serialtest.asm
             Msg_Received   0x000284    program     static E:\Pic_stuff\projects\SerialEmulator_Version2\serialtest.asm
                 Msg_User   0x00029b    program     static E:\Pic_stuff\projects\SerialEmulator_Version2\serialtest.asm
                Msg_Valid   0x00028a    program     static E:\Pic_stuff\projects\SerialEmulator_Version2\serialtest.asm
              Msg_Version   0x00027c    program     static E:\Pic_stuff\projects\SerialEmulator_Version2\serialtest.asm
                  READADC   0x000032    program     static E:\Pic_stuff\projects\SerialEmulator_Version2\serialtest.asm
           READDATAEEPROM   0x000053    program     static E:\Pic_stuff\projects\SerialEmulator_Version2\serialtest.asm
                READTABLE   0x00003b    program     static E:\Pic_stuff\projects\SerialEmulator_Version2\serialtest.asm
               ReadEEProm   0x00006e    program     static E:\Pic_stuff\projects\SerialEmulator_Version2\serialtest.asm
        ReadProgramMemory   0x000062    program     static E:\Pic_stuff\projects\SerialEmulator_Version2\serialtest.asm
             SendDataWord   0x000171    program     static E:\Pic_stuff\projects\SerialEmulator_Version2\serialtest.asm
              SendMessage   0x0000db    program     static E:\Pic_stuff\projects\SerialEmulator_Version2\serialtest.asm
                SendReady   0x0000f0    program     static E:\Pic_stuff\projects\SerialEmulator_Version2\serialtest.asm
              SendVersion   0x000104    program     static E:\Pic_stuff\projects\SerialEmulator_Version2\serialtest.asm
             Sendproctype   0x0000fa    program     static E:\Pic_stuff\projects\SerialEmulator_Version2\serialtest.asm
          SetBank0_return   0x00005f    program     static E:\Pic_stuff\projects\SerialEmulator_Version2\serialtest.asm
              SetUpMemAdd   0x00009f    program     static E:\Pic_stuff\projects\SerialEmulator_Version2\serialtest.asm
              SetupSerial   0x0000cc    program     static E:\Pic_stuff\projects\SerialEmulator_Version2\serialtest.asm
             TransmitByte   0x00010e    program     static E:\Pic_stuff\projects\SerialEmulator_Version2\serialtest.asm
                  WAIT1MS   0x00004e    program     static E:\Pic_stuff\projects\SerialEmulator_Version2\serialtest.asm
          WRITEDATAEEPROM   0x000059    program     static E:\Pic_stuff\projects\SerialEmulator_Version2\serialtest.asm
       WriteProgramMemory   0x000075    program     static E:\Pic_stuff\projects\SerialEmulator_Version2\serialtest.asm
      WriteProgramMemory4   0x00009d    program     static E:\Pic_stuff\projects\SerialEmulator_Version2\serialtest.asm
      WriteProgramMemory8   0x00009e    program     static E:\Pic_stuff\projects\SerialEmulator_Version2\serialtest.asm
              break_point   0x000237    program     static E:\Pic_stuff\projects\SerialEmulator_Version2\serialtest.asm
                      cmd   0x000210    program     static E:\Pic_stuff\projects\SerialEmulator_Version2\serialtest.asm
                    cmd_C   0x00026a    program     static E:\Pic_stuff\projects\SerialEmulator_Version2\serialtest.asm
                    cmd_E   0x0001d7    program     static E:\Pic_stuff\projects\SerialEmulator_Version2\serialtest.asm
                   cmd_ER   0x0001e5    program     static E:\Pic_stuff\projects\SerialEmulator_Version2\serialtest.asm
                    cmd_J   0x000214    program     static E:\Pic_stuff\projects\SerialEmulator_Version2\serialtest.asm
                   cmd_J1   0x000234    program     static E:\Pic_stuff\projects\SerialEmulator_Version2\serialtest.asm
                    cmd_R   0x0001ec    program     static E:\Pic_stuff\projects\SerialEmulator_Version2\serialtest.asm
                   cmd_S1   0x00024a    program     static E:\Pic_stuff\projects\SerialEmulator_Version2\serialtest.asm
                    cmd_U   0x00026f    program     static E:\Pic_stuff\projects\SerialEmulator_Version2\serialtest.asm
                    cmd_V   0x000212    program     static E:\Pic_stuff\projects\SerialEmulator_Version2\serialtest.asm
                    cmd_W   0x0001fc    program     static E:\Pic_stuff\projects\SerialEmulator_Version2\serialtest.asm
                    cmd_X   0x000210    program     static E:\Pic_stuff\projects\SerialEmulator_Version2\serialtest.asm
                    cmd_Z   0x000235    program     static E:\Pic_stuff\projects\SerialEmulator_Version2\serialtest.asm
                  cmd_end   0x0001d4    program     static E:\Pic_stuff\projects\SerialEmulator_Version2\serialtest.asm
                    cmd_r   0x0001f0    program     static E:\Pic_stuff\projects\SerialEmulator_Version2\serialtest.asm
                   cmd_r1   0x0001f3    program     static E:\Pic_stuff\projects\SerialEmulator_Version2\serialtest.asm
                    cmd_w   0x000202    program     static E:\Pic_stuff\projects\SerialEmulator_Version2\serialtest.asm
                   cmd_w1   0x000207    program     static E:\Pic_stuff\projects\SerialEmulator_Version2\serialtest.asm
                   delay0   0x0000a8    program     static E:\Pic_stuff\projects\SerialEmulator_Version2\serialtest.asm
                   delay1   0x0000a9    program     static E:\Pic_stuff\projects\SerialEmulator_Version2\serialtest.asm
        delay_checkSerial   0x0000a6    program     static E:\Pic_stuff\projects\SerialEmulator_Version2\serialtest.asm
                    loop1   0x000195    program     static E:\Pic_stuff\projects\SerialEmulator_Version2\serialtest.asm
                     main   0x000184    program     static E:\Pic_stuff\projects\SerialEmulator_Version2\serialtest.asm
                    main1   0x000194    program     static E:\Pic_stuff\projects\SerialEmulator_Version2\serialtest.asm
                    main2   0x000184    program     static E:\Pic_stuff\projects\SerialEmulator_Version2\serialtest.asm
                    msg22   0x0001a0    program     static E:\Pic_stuff\projects\SerialEmulator_Version2\serialtest.asm
              msgReceived   0x0001a0    program     static E:\Pic_stuff\projects\SerialEmulator_Version2\serialtest.asm
                   msgend   0x00019b    program     static E:\Pic_stuff\projects\SerialEmulator_Version2\serialtest.asm
                    setup   0x00001f    program     static E:\Pic_stuff\projects\SerialEmulator_Version2\serialtest.asm
                    test1   0x00017e    program     static E:\Pic_stuff\projects\SerialEmulator_Version2\serialtest.asm
              writeEEProm   0x00008b    program     static E:\Pic_stuff\projects\SerialEmulator_Version2\serialtest.asm



                              Symbols - Sorted by Address
                     Name    Address   Location    Storage File                     
                ---------  ---------  ---------  --------- ---------                
                 Exit_Int   0x00001a    program     static E:\Pic_stuff\projects\SerialEmulator_Version2\serialtest.asm
                    setup   0x00001f    program     static E:\Pic_stuff\projects\SerialEmulator_Version2\serialtest.asm
                  READADC   0x000032    program     static E:\Pic_stuff\projects\SerialEmulator_Version2\serialtest.asm
                READTABLE   0x00003b    program     static E:\Pic_stuff\projects\SerialEmulator_Version2\serialtest.asm
                  WAIT1MS   0x00004e    program     static E:\Pic_stuff\projects\SerialEmulator_Version2\serialtest.asm
           READDATAEEPROM   0x000053    program     static E:\Pic_stuff\projects\SerialEmulator_Version2\serialtest.asm
          WRITEDATAEEPROM   0x000059    program     static E:\Pic_stuff\projects\SerialEmulator_Version2\serialtest.asm
          SetBank0_return   0x00005f    program     static E:\Pic_stuff\projects\SerialEmulator_Version2\serialtest.asm
        ReadProgramMemory   0x000062    program     static E:\Pic_stuff\projects\SerialEmulator_Version2\serialtest.asm
               ReadEEProm   0x00006e    program     static E:\Pic_stuff\projects\SerialEmulator_Version2\serialtest.asm
       WriteProgramMemory   0x000075    program     static E:\Pic_stuff\projects\SerialEmulator_Version2\serialtest.asm
              writeEEProm   0x00008b    program     static E:\Pic_stuff\projects\SerialEmulator_Version2\serialtest.asm
      WriteProgramMemory4   0x00009d    program     static E:\Pic_stuff\projects\SerialEmulator_Version2\serialtest.asm
      WriteProgramMemory8   0x00009e    program     static E:\Pic_stuff\projects\SerialEmulator_Version2\serialtest.asm
              SetUpMemAdd   0x00009f    program     static E:\Pic_stuff\projects\SerialEmulator_Version2\serialtest.asm
        delay_checkSerial   0x0000a6    program     static E:\Pic_stuff\projects\SerialEmulator_Version2\serialtest.asm
                   delay0   0x0000a8    program     static E:\Pic_stuff\projects\SerialEmulator_Version2\serialtest.asm
                   delay1   0x0000a9    program     static E:\Pic_stuff\projects\SerialEmulator_Version2\serialtest.asm
       ConvertHexToNumber   0x0000b0    program     static E:\Pic_stuff\projects\SerialEmulator_Version2\serialtest.asm
       ConvertNumberToHex   0x0000b8    program     static E:\Pic_stuff\projects\SerialEmulator_Version2\serialtest.asm
              SetupSerial   0x0000cc    program     static E:\Pic_stuff\projects\SerialEmulator_Version2\serialtest.asm
              SendMessage   0x0000db    program     static E:\Pic_stuff\projects\SerialEmulator_Version2\serialtest.asm
                SendReady   0x0000f0    program     static E:\Pic_stuff\projects\SerialEmulator_Version2\serialtest.asm
             Sendproctype   0x0000fa    program     static E:\Pic_stuff\projects\SerialEmulator_Version2\serialtest.asm
              SendVersion   0x000104    program     static E:\Pic_stuff\projects\SerialEmulator_Version2\serialtest.asm
             TransmitByte   0x00010e    program     static E:\Pic_stuff\projects\SerialEmulator_Version2\serialtest.asm
               EchoSerial   0x000112    program     static E:\Pic_stuff\projects\SerialEmulator_Version2\serialtest.asm
                Echoloop1   0x000114    program     static E:\Pic_stuff\projects\SerialEmulator_Version2\serialtest.asm
              ChkMsgValid   0x000122    program     static E:\Pic_stuff\projects\SerialEmulator_Version2\serialtest.asm
             ChkMsgValid1   0x000126    program     static E:\Pic_stuff\projects\SerialEmulator_Version2\serialtest.asm
                  GetAddr   0x000132    program     static E:\Pic_stuff\projects\SerialEmulator_Version2\serialtest.asm
              GetDataWord   0x00014b    program     static E:\Pic_stuff\projects\SerialEmulator_Version2\serialtest.asm
             SendDataWord   0x000171    program     static E:\Pic_stuff\projects\SerialEmulator_Version2\serialtest.asm
                    test1   0x00017e    program     static E:\Pic_stuff\projects\SerialEmulator_Version2\serialtest.asm
                     main   0x000184    program     static E:\Pic_stuff\projects\SerialEmulator_Version2\serialtest.asm
                    main2   0x000184    program     static E:\Pic_stuff\projects\SerialEmulator_Version2\serialtest.asm
                    main1   0x000194    program     static E:\Pic_stuff\projects\SerialEmulator_Version2\serialtest.asm
                    loop1   0x000195    program     static E:\Pic_stuff\projects\SerialEmulator_Version2\serialtest.asm
                   msgend   0x00019b    program     static E:\Pic_stuff\projects\SerialEmulator_Version2\serialtest.asm
                    msg22   0x0001a0    program     static E:\Pic_stuff\projects\SerialEmulator_Version2\serialtest.asm
              msgReceived   0x0001a0    program     static E:\Pic_stuff\projects\SerialEmulator_Version2\serialtest.asm
                  cmd_end   0x0001d4    program     static E:\Pic_stuff\projects\SerialEmulator_Version2\serialtest.asm
                    cmd_E   0x0001d7    program     static E:\Pic_stuff\projects\SerialEmulator_Version2\serialtest.asm
                   cmd_ER   0x0001e5    program     static E:\Pic_stuff\projects\SerialEmulator_Version2\serialtest.asm
                    cmd_R   0x0001ec    program     static E:\Pic_stuff\projects\SerialEmulator_Version2\serialtest.asm
                    cmd_r   0x0001f0    program     static E:\Pic_stuff\projects\SerialEmulator_Version2\serialtest.asm
                   cmd_r1   0x0001f3    program     static E:\Pic_stuff\projects\SerialEmulator_Version2\serialtest.asm
                    cmd_W   0x0001fc    program     static E:\Pic_stuff\projects\SerialEmulator_Version2\serialtest.asm
                    cmd_w   0x000202    program     static E:\Pic_stuff\projects\SerialEmulator_Version2\serialtest.asm
                   cmd_w1   0x000207    program     static E:\Pic_stuff\projects\SerialEmulator_Version2\serialtest.asm
                    cmd_X   0x000210    program     static E:\Pic_stuff\projects\SerialEmulator_Version2\serialtest.asm
                      cmd   0x000210    program     static E:\Pic_stuff\projects\SerialEmulator_Version2\serialtest.asm
                    cmd_V   0x000212    program     static E:\Pic_stuff\projects\SerialEmulator_Version2\serialtest.asm
                    cmd_J   0x000214    program     static E:\Pic_stuff\projects\SerialEmulator_Version2\serialtest.asm
                   cmd_J1   0x000234    program     static E:\Pic_stuff\projects\SerialEmulator_Version2\serialtest.asm
                    cmd_Z   0x000235    program     static E:\Pic_stuff\projects\SerialEmulator_Version2\serialtest.asm
              break_point   0x000237    program     static E:\Pic_stuff\projects\SerialEmulator_Version2\serialtest.asm
                   cmd_S1   0x00024a    program     static E:\Pic_stuff\projects\SerialEmulator_Version2\serialtest.asm
                    cmd_C   0x00026a    program     static E:\Pic_stuff\projects\SerialEmulator_Version2\serialtest.asm
                    cmd_U   0x00026f    program     static E:\Pic_stuff\projects\SerialEmulator_Version2\serialtest.asm
                Msg_Ready   0x000272    program     static E:\Pic_stuff\projects\SerialEmulator_Version2\serialtest.asm
                 Msg_Proc   0x000277    program     static E:\Pic_stuff\projects\SerialEmulator_Version2\serialtest.asm
              Msg_Version   0x00027c    program     static E:\Pic_stuff\projects\SerialEmulator_Version2\serialtest.asm
             Msg_Received   0x000284    program     static E:\Pic_stuff\projects\SerialEmulator_Version2\serialtest.asm
                Msg_Valid   0x00028a    program     static E:\Pic_stuff\projects\SerialEmulator_Version2\serialtest.asm
                 Msg_CMDR   0x00028f    program     static E:\Pic_stuff\projects\SerialEmulator_Version2\serialtest.asm
                    Msg_R   0x000296    program     static E:\Pic_stuff\projects\SerialEmulator_Version2\serialtest.asm
                 Msg_User   0x00029b    program     static E:\Pic_stuff\projects\SerialEmulator_Version2\serialtest.asm
      Jon_Cowley_TRANSMIT   0x000309    program     static E:\Pic_stuff\projects\SerialEmulator_Version2\serialtest.asm
       Jon_Cowley_recieve   0x00030f    program     static E:\Pic_stuff\projects\SerialEmulator_Version2\serialtest.asm


