MPASM  5.35                    WRITE1876A.ASM   1-5-2013  23:10:16         PAGE  1


LOC  OBJECT CODE     LINE SOURCE TEXT
  VALUE

                      00001 
                      00002 
                      00003 
                      00004 
                      00005 
Error[113]  : Symbol not previously defined (STATUS)
Error[113]  : Symbol not previously defined (RP1)
Error[152]  : Executable code and data must be defined in an appropriate section
0000                  00006         BSF STATUS,RP1 ;
Error[113]  : Symbol not previously defined (STATUS)
Error[113]  : Symbol not previously defined (RP0)
Error[152]  : Executable code and data must be defined in an appropriate section
0000                  00007         BCF STATUS,RP0 ; Bank 2
Error[113]  : Symbol not previously defined (ADDRH)
Error[152]  : Executable code and data must be defined in an appropriate section
0000                  00008         MOVF ADDRH,W ; Load initial address
Error[113]  : Symbol not previously defined (EEADRH)
Error[152]  : Executable code and data must be defined in an appropriate section
0000                  00009         MOVWF EEADRH ;
Error[113]  : Symbol not previously defined (ADDRL)
Error[152]  : Executable code and data must be defined in an appropriate section
0000                  00010         MOVF ADDRL,W ;
Error[113]  : Symbol not previously defined (EEADR)
Error[152]  : Executable code and data must be defined in an appropriate section
0000                  00011         MOVWF EEADR ;
                      00012 
Error[113]  : Symbol not previously defined (DATAADDR)
Error[152]  : Executable code and data must be defined in an appropriate section
0000                  00013         MOVF DATAADDR,W ; Load initial data address
Error[113]  : Symbol not previously defined (FSR)
Error[152]  : Executable code and data must be defined in an appropriate section
0000                  00014         MOVWF FSR ;
Error[150]  : Labels must be defined in a code or data section when making an object file
Error[113]  : Symbol not previously defined (INDF)
Error[152]  : Executable code and data must be defined in an appropriate section
0000                  00015 LOOP    MOVF INDF,W ; Load first data byte into lower
Error[113]  : Symbol not previously defined (EEDATA)
Error[152]  : Executable code and data must be defined in an appropriate section
0000                  00016         MOVWF EEDATA ;
Error[113]  : Symbol not previously defined (FSR)
Error[152]  : Executable code and data must be defined in an appropriate section
0000                  00017         INCF FSR,F ; Next byte
Error[113]  : Symbol not previously defined (INDF)
Error[152]  : Executable code and data must be defined in an appropriate section
0000                  00018         MOVF INDF,W ; Load second data byte into upper
Error[113]  : Symbol not previously defined (EEDATH)
Error[152]  : Executable code and data must be defined in an appropriate section
0000                  00019         MOVWF EEDATH ;
Error[113]  : Symbol not previously defined (FSR)
Error[152]  : Executable code and data must be defined in an appropriate section
0000                  00020         INCF FSR,F ;
Error[113]  : Symbol not previously defined (STATUS)
Error[113]  : Symbol not previously defined (RP0)
MPASM  5.35                    WRITE1876A.ASM   1-5-2013  23:10:16         PAGE  2


LOC  OBJECT CODE     LINE SOURCE TEXT
  VALUE

Error[152]  : Executable code and data must be defined in an appropriate section
0000                  00021         BSF STATUS,RP0 ; Bank 3
Error[113]  : Symbol not previously defined (EECON1)
Error[113]  : Symbol not previously defined (EEPGD)
Error[152]  : Executable code and data must be defined in an appropriate section
0000                  00022         BSF EECON1,EEPGD ; Point to program memory
Error[113]  : Symbol not previously defined (EECON1)
Error[113]  : Symbol not previously defined (WREN)
Error[152]  : Executable code and data must be defined in an appropriate section
0000                  00023         BSF EECON1,WREN ; Enable writes
Error[113]  : Symbol not previously defined (INTCON)
Error[113]  : Symbol not previously defined (GIE)
Error[152]  : Executable code and data must be defined in an appropriate section
0000                  00024         BCF INTCON,GIE ; Disable interrupts (if using)
Error[152]  : Executable code and data must be defined in an appropriate section
0000                  00025         MOVLW 55h ; Start of required write sequence:
Error[113]  : Symbol not previously defined (EECON2)
Error[152]  : Executable code and data must be defined in an appropriate section
0000                  00026         MOVWF EECON2 ; Write 55h
Error[113]  : Symbol not previously defined (AAh)
Error[152]  : Executable code and data must be defined in an appropriate section
0000                  00027         MOVLW AAh ;
Error[113]  : Symbol not previously defined (EECON2)
Error[152]  : Executable code and data must be defined in an appropriate section
0000                  00028         MOVWF EECON2 ; Write AAh
Error[113]  : Symbol not previously defined (EECON1)
Error[113]  : Symbol not previously defined (WR)
Error[152]  : Executable code and data must be defined in an appropriate section
0000                  00029         BSF EECON1,WR ; Set WR bit to begin write
Error[152]  : Executable code and data must be defined in an appropriate section
0000                  00030         NOP ; Any instructions here are ignored as processor
                      00031         ; halts to begin write sequence
Error[152]  : Executable code and data must be defined in an appropriate section
0000                  00032         NOP ; processor will stop here and wait for write complete
                      00033         ; after write processor continues with 3rd instruction
Error[113]  : Symbol not previously defined (EECON1)
Error[113]  : Symbol not previously defined (WREN)
Error[152]  : Executable code and data must be defined in an appropriate section
0000                  00034         BCF EECON1,WREN ; Disable writes
Error[113]  : Symbol not previously defined (INTCON)
Error[113]  : Symbol not previously defined (GIE)
Error[152]  : Executable code and data must be defined in an appropriate section
0000                  00035         BSF INTCON,GIE ; Enable interrupts (if using)
Error[113]  : Symbol not previously defined (STATUS)
Error[113]  : Symbol not previously defined (RP0)
Error[152]  : Executable code and data must be defined in an appropriate section
0000                  00036         BCF STATUS,RP0 ; Bank 2
Error[113]  : Symbol not previously defined (EEADR)
Error[152]  : Executable code and data must be defined in an appropriate section
0000                  00037         INCF EEADR,F ; Increment address
Error[113]  : Symbol not previously defined (EEADR)
Error[152]  : Executable code and data must be defined in an appropriate section
0000                  00038         MOVF EEADR,W ; Check if lower two bits of address are ‘00’
MPASM  5.35                    WRITE1876A.ASM   1-5-2013  23:10:16         PAGE  3


LOC  OBJECT CODE     LINE SOURCE TEXT
  VALUE

Error[152]  : Executable code and data must be defined in an appropriate section
0000                  00039         ANDLW 0x03 ; Indicates when four words have been programmed
Error[152]  : Executable code and data must be defined in an appropriate section
0000                  00040         XORLW 0x03 ;
Error[113]  : Symbol not previously defined (STATUS)
Error[113]  : Symbol not previously defined (Z)
Error[152]  : Executable code and data must be defined in an appropriate section
0000                  00041         BTFSC STATUS,Z ; Exit if more than four words,
Error[151]  : Operand contains unresolvable labels or is too complex
Error[152]  : Executable code and data must be defined in an appropriate section
0000                  00042         GOTO LOOP ; Continue if less than four words
Error[129]  : Expected (END)
MPASM  5.35                    WRITE1876A.ASM   1-5-2013  23:10:16         PAGE  4


SYMBOL TABLE
  LABEL                             VALUE 

LOOP                              00000000
__16F876A                         00000001
__DEBUG                           1

Errors   :    76
Warnings :     0 reported,     0 suppressed
Messages :     0 reported,     0 suppressed

